// Jest Snapshot v1, https://goo.gl/fbAQLP

exports[`Header renders correctly 1`] = `
<DocumentFragment>
  <div
    class="header"
  >
    <div
      class="center-padding"
    >
      <span>
        Eventify
      </span>
    </div>
  </div>
</DocumentFragment>
`;
